NCJ abc-comparison: 16 targets x 4 inits x 4 arms x 6 seeds = 1536 rows
  [PASS] 1. paper gain bitwise == drift_paper (mask=True)
  [PASS] 1. paper gain bitwise == drift_paper (mask=False)
  [PASS] 2. power(gamma=1) == paper gain (rtol 1e-9)
  [PASS] 3. constant gain == Cpos - Cneg (bitwise)
  [PASS] 4. matched batches -> zero field (gain=paper)
  [PASS] 4. matched batches -> zero field (gain=constant)
  [PASS] 4. matched batches -> zero field (gain=power)
  [PASS] 4. matched batches -> zero field (gain=abc)
  [PASS] 4b. ABC identical unmasked batches -> zero
  [PASS] 4c. ABC -> constant gain as weights flatten (large tau)
  [PASS] 4d. ABC differs from constant under sharp weights
  [PASS] 5a. negative-batch permutation invariance
  [PASS] 5b. cross-fitted mask rejected
  [PASS] 6. sigma=0 bitwise == no-jitter arm
  [PASS] 7a. same seed -> bitwise identical jittered field
  [PASS] 7b. different seed -> different field
  [PASS] 7c. query/pos/neg jitter streams mutually distinct
  [PASS] 8. kernel pairs + wall time recorded
  [PASS] 9a. underflowed mass raises by default
  [PASS] 9b. zeroed degenerate rows are counted
  [PASS] 9c. non-finite input raises
all invariant tests passed
  [PASS] cached ED2 is bitwise equal to frozen ED2
  completed NCJT-gaussian-2d-aniso in 19.8s
  completed NCJT-student-5d in 24.5s
  completed NCJT-gmix-1d-K7-uneq in 9.8s
  completed NCJT-gmix-2d-K4-hetero in 21.5s
  completed NCJT-gmix-5d-K5-uneq in 26.6s
  completed NCJT-gmix-2d-overlap in 21.2s
  completed NCJT-grid-3x3 in 21.3s
  completed NCJT-ring-142 in 21.1s
  completed NCJT-circles-036-131 in 22.4s
  completed NCJT-moons-111 in 22.5s
  completed NCJT-banana-083 in 22.0s
  completed NCJT-spiral-21 in 21.8s
  completed NCJT-sine-048 in 21.6s
  completed NCJT-contaminated-1d in 9.4s
  completed NCJT-helix-3d in 24.1s
  completed NCJT-shell-5d in 27.0s

ABC comparison (ratio vs paper, lower is better):
  normalized-only        ratio=0.3153 CI=[0.1507433155884877, 0.6357857642914342] win=0.36
  abc                    ratio=0.3255 CI=[0.15570729225539012, 0.6534955999270554] win=0.38
  normalized-crossfit    ratio=0.1012 CI=[0.05008468547718866, 0.19597611497642392] win=0.95
