microbatch override: 64 x 1 = 64
step 2000: moment 0.312 var 0.316 rank 6.954 HH 0.100
step 4000: moment 0.391 var 0.395 rank 3.946 HH 0.168
step 6000: moment 0.810 var 0.817 rank 4.743 HH 0.388
step 8000: moment 0.604 var 0.608 rank 4.395 HH 0.338
step 10000: moment 0.509 var 0.514 rank 2.917 HH 0.432
step 12000: moment 0.515 var 0.517 rank 3.909 HH 0.608
step 14000: moment 0.688 var 0.695 rank 6.433 HH 0.967
step 16000: moment 0.676 var 0.682 rank 4.785 HH 1.026
step 18000: moment 0.840 var 0.849 rank 4.418 HH 0.847
step 20000: moment 0.607 var 0.612 rank 3.858 HH 0.577
step 22000: moment 0.574 var 0.579 rank 4.109 HH 0.574
step 24000: moment 0.670 var 0.668 rank 3.599 HH 0.786
step 26000: moment 0.615 var 0.602 rank 2.679 HH 0.414
step 28000: moment 0.549 var 0.555 rank 3.143 HH 0.539
step 30000: moment 0.480 var 0.485 rank 2.183 HH 0.319
step 32000: moment 0.574 var 0.577 rank 3.871 HH 0.745
step 34000: moment 0.446 var 0.451 rank 2.450 HH 0.351
step 36000: moment 0.684 var 0.687 rank 3.468 HH 0.810
step 38000: moment 0.652 var 0.657 rank 3.465 HH 0.783
step 40000: moment 0.679 var 0.687 rank 2.854 HH 0.916
step 42000: moment 0.664 var 0.671 rank 3.537 HH 0.978
step 44000: moment 0.692 var 0.695 rank 4.438 HH 1.099
step 46000: moment 0.552 var 0.558 rank 2.298 HH 0.498
step 48000: moment 0.545 var 0.543 rank 3.096 HH 0.647
step 50000: moment 0.613 var 0.613 rank 2.246 HH 0.735
step 52000: moment 0.686 var 0.692 rank 3.863 HH 1.216
step 54000: moment 0.723 var 0.731 rank 3.945 HH 1.161
step 56000: moment 0.569 var 0.562 rank 2.682 HH 0.697
step 58000: moment 0.680 var 0.687 rank 3.136 HH 0.865
step 60000: moment 0.742 var 0.738 rank 3.239 HH 0.961
step 62000: moment 0.678 var 0.675 rank 3.578 HH 1.314
step 64000: moment 0.482 var 0.478 rank 2.283 HH 0.521
step 66000: moment 0.483 var 0.481 rank 2.199 HH 0.473
step 68000: moment 0.794 var 0.796 rank 4.697 HH 2.013
step 70000: moment 0.397 var 0.398 rank 2.004 HH 0.304
step 72000: moment 0.724 var 0.726 rank 3.773 HH 1.126
step 74000: moment 0.538 var 0.544 rank 2.795 HH 0.722
=== resuming at 10:50:13 ===
microbatch override: 64 x 1 = 64
resuming: 2 checkpoint(s) already on disk, kept
resumed CAP-EMF-1 from update 74000
Traceback (most recent call last):
  File "<frozen runpy>", line 198, in _run_module_as_main
  File "<frozen runpy>", line 88, in _run_code
  File "/workspace/drifting/numerics/encoder_independent_drifting/stage_cap/run_unit.py", line 285, in <module>
    raise SystemExit(main())
                     ^^^^^^
  File "/workspace/drifting/numerics/encoder_independent_drifting/stage_cap/run_unit.py", line 202, in main
    outcome = train_cap_unit(
              ^^^^^^^^^^^^^^^
  File "/workspace/drifting/numerics/encoder_independent_drifting/stage_cap/training.py", line 276, in train_cap_unit
    ema.update(model)
  File "/usr/local/lib/python3.12/dist-packages/torch/utils/_contextlib.py", line 120, in decorate_context
    return func(*args, **kwargs)
           ^^^^^^^^^^^^^^^^^^^^^
  File "/workspace/drifting/numerics/encoder_independent_drifting/stage_cap/training.py", line 80, in update
    self.shadow[name].mul_(self.decay).add_(
RuntimeError: Expected all tensors to be on the same device, but found at least two devices, cuda:0 and cpu!
=== RUN EXITED rc=0 at Wed Aug  5 10:50:19 UTC 2026 ===
=== resuming at 10:54:33 ===
microbatch override: 64 x 1 = 64
resuming: 2 checkpoint(s) already on disk, kept
resumed CAP-EMF-1 from update 74000
step 76000: moment 0.636 var 0.642 rank 3.579 HH 1.125
step 78000: moment 0.584 var 0.589 rank 3.065 HH 0.932
step 80000: moment 0.589 var 0.595 rank 3.098 HH 1.232
step 82000: moment 0.789 var 0.795 rank 3.807 HH 1.853
step 84000: moment 0.552 var 0.555 rank 2.400 HH 0.664
step 86000: moment 0.666 var 0.659 rank 3.518 HH 1.298
step 88000: moment 0.835 var 0.836 rank 4.649 HH 2.743
step 90000: moment 0.555 var 0.549 rank 2.519 HH 0.924
step 92000: moment 0.651 var 0.649 rank 3.140 HH 1.375
step 94000: moment 0.789 var 0.795 rank 4.172 HH 1.743
step 96000: moment 0.747 var 0.751 rank 3.121 HH 1.902
step 98000: moment 0.836 var 0.845 rank 4.022 HH 1.624
step 100000: moment 0.703 var 0.709 rank 3.410 HH 1.723
step 102000: moment 0.743 var 0.730 rank 3.098 HH 1.704
step 104000: moment 0.788 var 0.796 rank 4.157 HH 1.667
step 106000: moment 0.677 var 0.683 rank 3.793 HH 1.729
step 108000: moment 0.646 var 0.653 rank 3.546 HH 1.840
step 110000: moment 0.841 var 0.841 rank 5.056 HH 1.829
step 112000: moment 0.614 var 0.618 rank 3.410 HH 1.390
step 114000: moment 0.507 var 0.512 rank 2.194 HH 0.728
step 116000: moment 0.717 var 0.721 rank 3.200 HH 1.760
step 118000: moment 0.583 var 0.578 rank 2.487 HH 1.196
step 120000: moment 0.551 var 0.557 rank 3.768 HH 1.282
step 122000: moment 0.728 var 0.731 rank 3.243 HH 1.759
step 124000: moment 0.712 var 0.716 rank 3.847 HH 2.390
step 126000: moment 0.658 var 0.662 rank 3.672 HH 1.404
step 128000: moment 0.748 var 0.756 rank 3.844 HH 1.848
step 130000: moment 0.742 var 0.750 rank 4.025 HH 1.510
step 132000: moment 0.724 var 0.715 rank 3.408 HH 0.978
step 134000: moment 0.607 var 0.613 rank 3.424 HH 1.112
step 136000: moment 0.552 var 0.555 rank 2.630 HH 1.018
step 138000: moment 0.803 var 0.810 rank 4.304 HH 2.353
step 140000: moment 0.790 var 0.790 rank 3.844 HH 2.128
step 142000: moment 0.650 var 0.651 rank 3.401 HH 1.843
step 144000: moment 0.594 var 0.583 rank 2.598 HH 0.862
step 146000: moment 0.722 var 0.728 rank 4.997 HH 2.376
step 148000: moment 0.555 var 0.559 rank 2.722 HH 1.009
step 150000: moment 0.555 var 0.561 rank 2.491 HH 0.839
step 152000: moment 0.446 var 0.445 rank 2.340 HH 0.659
step 154000: moment 0.906 var 0.910 rank 4.309 HH 2.208
step 156000: moment 0.618 var 0.622 rank 4.179 HH 2.197
step 158000: moment 0.792 var 0.790 rank 3.868 HH 1.761
step 160000: moment 0.893 var 0.894 rank 4.344 HH 2.422
step 162000: moment 0.571 var 0.566 rank 2.936 HH 1.337
step 164000: moment 0.771 var 0.769 rank 4.237 HH 1.602
step 166000: moment 0.829 var 0.837 rank 3.148 HH 1.548
step 168000: moment 0.543 var 0.535 rank 2.337 HH 0.824
step 170000: moment 0.626 var 0.627 rank 2.764 HH 1.398
step 172000: moment 0.612 var 0.617 rank 3.688 HH 1.648
step 174000: moment 0.731 var 0.738 rank 3.225 HH 1.336
step 176000: moment 0.655 var 0.661 rank 3.271 HH 1.699
step 178000: moment 0.675 var 0.677 rank 2.589 HH 0.956
step 180000: moment 0.792 var 0.795 rank 4.733 HH 2.221
step 182000: moment 0.793 var 0.799 rank 4.416 HH 2.122
step 184000: moment 0.793 var 0.798 rank 3.998 HH 2.099
step 186000: moment 0.670 var 0.675 rank 3.472 HH 1.639
step 188000: moment 0.807 var 0.811 rank 4.102 HH 3.103
step 190000: moment 0.782 var 0.787 rank 3.724 HH 1.948
step 192000: moment 0.754 var 0.757 rank 3.630 HH 1.953
step 194000: moment 0.696 var 0.702 rank 2.994 HH 1.581
step 196000: moment 0.609 var 0.613 rank 3.451 HH 1.183
step 198000: moment 0.771 var 0.775 rank 4.588 HH 2.282
step 200000: moment 0.633 var 0.638 rank 2.765 HH 1.186
step 202000: moment 0.807 var 0.809 rank 3.685 HH 2.346
step 204000: moment 0.581 var 0.583 rank 3.018 HH 1.191
step 206000: moment 0.782 var 0.783 rank 4.539 HH 2.625
step 208000: moment 0.724 var 0.724 rank 3.599 HH 1.689
step 210000: moment 0.775 var 0.781 rank 3.557 HH 1.564
step 212000: moment 0.873 var 0.883 rank 4.352 HH 2.172
step 214000: moment 0.746 var 0.747 rank 3.026 HH 1.970
step 216000: moment 0.854 var 0.863 rank 3.489 HH 2.486
step 218000: moment 0.876 var 0.885 rank 3.794 HH 2.555
step 220000: moment 0.696 var 0.688 rank 3.796 HH 1.875
step 222000: moment 0.904 var 0.912 rank 3.404 HH 2.077
step 224000: moment 0.786 var 0.791 rank 3.964 HH 2.545
step 226000: moment 0.934 var 0.928 rank 4.641 HH 3.512
step 228000: moment 0.667 var 0.674 rank 3.061 HH 1.364
step 230000: moment 0.901 var 0.911 rank 5.159 HH 3.139
step 232000: moment 0.648 var 0.653 rank 3.941 HH 1.390
step 234000: moment 0.828 var 0.836 rank 3.898 HH 2.181
step 236000: moment 0.777 var 0.784 rank 3.794 HH 1.754
step 238000: moment 1.060 var 1.062 rank 6.082 HH 4.278
step 240000: moment 0.911 var 0.919 rank 4.277 HH 2.448
step 242000: moment 0.887 var 0.894 rank 3.739 HH 3.183
step 244000: moment 0.909 var 0.918 rank 4.102 HH 2.744
step 246000: moment 0.764 var 0.769 rank 3.628 HH 1.922
step 248000: moment 0.796 var 0.799 rank 3.144 HH 1.759
step 250000: moment 0.905 var 0.909 rank 3.943 HH 2.524
step 252000: moment 1.024 var 1.033 rank 4.844 HH 3.227
step 254000: moment 0.943 var 0.950 rank 3.984 HH 3.155
step 256000: moment 0.915 var 0.913 rank 3.868 HH 3.399
step 258000: moment 0.974 var 0.980 rank 4.449 HH 3.375
step 260000: moment 0.728 var 0.728 rank 2.309 HH 1.457
step 262000: moment 0.724 var 0.725 rank 3.468 HH 2.075
step 264000: moment 0.780 var 0.787 rank 2.820 HH 1.839
step 266000: moment 0.718 var 0.719 rank 3.629 HH 1.914
step 268000: moment 0.750 var 0.748 rank 3.553 HH 1.707
step 270000: moment 0.680 var 0.676 rank 2.546 HH 2.703
step 272000: moment 1.007 var 1.017 rank 3.730 HH 2.782
step 274000: moment 0.776 var 0.783 rank 4.131 HH 3.019
step 276000: moment 0.718 var 0.725 rank 2.757 HH 1.825
step 278000: moment 0.726 var 0.726 rank 2.963 HH 1.774
step 280000: moment 0.701 var 0.703 rank 2.510 HH 1.279
step 282000: moment 0.933 var 0.939 rank 3.876 HH 2.266
step 284000: moment 0.954 var 0.957 rank 3.900 HH 3.027
step 286000: moment 0.844 var 0.853 rank 3.229 HH 1.791
step 288000: moment 0.817 var 0.826 rank 3.452 HH 1.903
step 290000: moment 0.853 var 0.843 rank 3.567 HH 1.864
step 292000: moment 0.994 var 0.996 rank 4.030 HH 2.597
step 294000: moment 0.886 var 0.893 rank 3.901 HH 2.041
step 296000: moment 0.647 var 0.647 rank 2.904 HH 1.366
step 298000: moment 0.780 var 0.777 rank 3.773 HH 1.923
step 300000: moment 0.786 var 0.786 rank 3.050 HH 1.592
step 302000: moment 0.968 var 0.975 rank 3.974 HH 2.028
step 304000: moment 1.026 var 1.032 rank 4.139 HH 2.619
step 306000: moment 0.917 var 0.923 rank 2.688 HH 1.694
step 308000: moment 0.867 var 0.869 rank 3.240 HH 2.212
step 310000: moment 0.970 var 0.977 rank 4.632 HH 3.541
step 312000: moment 0.721 var 0.727 rank 2.533 HH 1.438
step 314000: moment 0.918 var 0.924 rank 4.242 HH 3.360
step 316000: moment 0.868 var 0.861 rank 3.689 HH 1.866
step 318000: moment 0.889 var 0.893 rank 3.914 HH 2.208
step 320000: moment 0.849 var 0.852 rank 4.187 HH 2.134
step 322000: moment 0.788 var 0.786 rank 2.770 HH 1.548
step 324000: moment 0.804 var 0.808 rank 2.460 HH 1.373
step 326000: moment 0.901 var 0.909 rank 3.975 HH 2.840
step 328000: moment 1.065 var 1.057 rank 4.978 HH 4.008
step 330000: moment 0.938 var 0.934 rank 3.709 HH 3.387
step 332000: moment 0.732 var 0.730 rank 2.700 HH 1.711
step 334000: moment 0.919 var 0.913 rank 2.933 HH 1.683
step 336000: moment 0.937 var 0.932 rank 3.813 HH 2.175
step 338000: moment 1.011 var 1.014 rank 3.609 HH 2.616
step 340000: moment 0.926 var 0.934 rank 2.927 HH 2.723
step 342000: moment 0.775 var 0.777 rank 2.416 HH 2.248
step 344000: moment 0.801 var 0.800 rank 2.925 HH 1.808
step 346000: moment 0.916 var 0.921 rank 3.856 HH 2.532
step 348000: moment 1.013 var 1.015 rank 3.281 HH 2.416
step 350000: moment 0.894 var 0.897 rank 2.778 HH 1.903
step 352000: moment 0.878 var 0.883 rank 3.235 HH 2.962
step 354000: moment 0.805 var 0.811 rank 2.686 HH 1.406
step 356000: moment 0.826 var 0.825 rank 2.428 HH 2.140
step 358000: moment 0.927 var 0.937 rank 3.194 HH 2.256
step 360000: moment 0.900 var 0.908 rank 3.408 HH 2.316
step 362000: moment 1.013 var 1.023 rank 3.572 HH 2.427
step 364000: moment 0.907 var 0.912 rank 2.851 HH 1.570
step 366000: moment 0.969 var 0.973 rank 2.579 HH 2.316
step 368000: moment 0.835 var 0.841 rank 2.895 HH 2.023
step 370000: moment 0.825 var 0.817 rank 3.604 HH 2.657
step 372000: moment 1.066 var 1.075 rank 4.594 HH 3.388
step 374000: moment 0.912 var 0.910 rank 4.571 HH 3.838
step 376000: moment 0.924 var 0.934 rank 3.801 HH 2.478
step 378000: moment 0.883 var 0.889 rank 3.704 HH 2.294
step 380000: moment 0.976 var 0.986 rank 3.481 HH 2.894
step 382000: moment 0.964 var 0.967 rank 3.337 HH 2.304
step 384000: moment 0.806 var 0.810 rank 3.449 HH 2.564
step 386000: moment 0.876 var 0.883 rank 3.379 HH 2.750
step 388000: moment 1.011 var 1.021 rank 3.458 HH 2.362
step 390000: moment 0.939 var 0.947 rank 3.542 HH 3.034
step 392000: moment 0.923 var 0.929 rank 3.097 HH 1.847
step 394000: moment 0.880 var 0.884 rank 3.326 HH 2.424
step 396000: moment 0.818 var 0.822 rank 3.422 HH 2.082
step 398000: moment 0.907 var 0.914 rank 3.070 HH 2.259
step 400000: moment 1.050 var 1.049 rank 4.721 HH 3.917
step 402000: moment 0.988 var 0.995 rank 4.048 HH 4.045
step 404000: moment 0.854 var 0.860 rank 2.405 HH 1.243
step 406000: moment 0.924 var 0.934 rank 3.751 HH 2.466
step 408000: moment 0.865 var 0.874 rank 3.623 HH 2.942
step 410000: moment 0.884 var 0.892 rank 3.449 HH 2.397
step 412000: moment 1.007 var 1.011 rank 4.328 HH 3.134
step 414000: moment 0.791 var 0.795 rank 3.303 HH 1.621
step 416000: moment 0.924 var 0.926 rank 2.588 HH 2.103
step 418000: moment 0.927 var 0.930 rank 3.433 HH 2.239
step 420000: moment 0.836 var 0.841 rank 2.687 HH 1.882
step 422000: moment 0.864 var 0.865 rank 2.958 HH 2.333
step 424000: moment 0.906 var 0.900 rank 4.364 HH 2.883
step 426000: moment 1.032 var 1.031 rank 4.170 HH 3.134
step 428000: moment 1.065 var 1.075 rank 4.625 HH 3.397
step 430000: moment 1.003 var 1.007 rank 3.750 HH 3.040
step 432000: moment 0.999 var 1.003 rank 4.676 HH 3.481
step 434000: moment 0.893 var 0.893 rank 3.882 HH 2.507
step 436000: moment 0.994 var 0.998 rank 3.209 HH 2.652
step 438000: moment 0.978 var 0.971 rank 3.856 HH 5.365
step 440000: moment 0.992 var 0.994 rank 3.018 HH 2.499
step 442000: moment 0.957 var 0.966 rank 2.747 HH 1.910
step 444000: moment 0.902 var 0.908 rank 4.263 HH 2.651
step 446000: moment 0.920 var 0.929 rank 3.287 HH 2.486
step 448000: moment 0.899 var 0.907 rank 3.538 HH 2.489
step 450000: moment 0.967 var 0.971 rank 4.957 HH 3.600
step 452000: moment 0.988 var 0.998 rank 2.316 HH 2.143
step 454000: moment 0.942 var 0.945 rank 3.877 HH 3.374
step 456000: moment 0.920 var 0.926 rank 4.498 HH 3.531
step 458000: moment 1.097 var 1.107 rank 5.784 HH 4.333
step 460000: moment 0.940 var 0.941 rank 3.836 HH 3.256
step 462000: moment 0.975 var 0.985 rank 4.173 HH 2.926
step 464000: moment 1.054 var 1.062 rank 4.189 HH 3.264
step 466000: moment 1.051 var 1.061 rank 3.836 HH 3.682
step 468000: moment 0.941 var 0.951 rank 3.722 HH 2.403
step 470000: moment 0.954 var 0.953 rank 5.065 HH 3.393
step 472000: moment 1.003 var 1.006 rank 5.009 HH 3.323
step 474000: moment 1.103 var 1.097 rank 4.261 HH 3.544
step 476000: moment 0.943 var 0.952 rank 4.452 HH 3.517
step 478000: moment 1.024 var 1.034 rank 5.082 HH 4.529
step 480000: moment 1.039 var 1.049 rank 4.891 HH 4.588
step 482000: moment 0.942 var 0.951 rank 4.852 HH 3.196
step 484000: moment 1.017 var 1.027 rank 4.270 HH 3.481
step 486000: moment 0.902 var 0.906 rank 3.134 HH 1.740
step 488000: moment 0.945 var 0.945 rank 3.403 HH 1.972
step 490000: moment 1.151 var 1.164 rank 4.171 HH 5.250
step 492000: moment 1.066 var 1.077 rank 4.114 HH 3.429
step 494000: moment 0.965 var 0.969 rank 4.333 HH 2.916
step 496000: moment 1.052 var 1.063 rank 5.277 HH 3.901
step 498000: moment 0.958 var 0.967 rank 4.320 HH 2.734
step 500000: moment 1.095 var 1.093 rank 4.099 HH 3.207
step 502000: moment 0.995 var 1.002 rank 3.834 HH 3.202
step 504000: moment 0.932 var 0.941 rank 4.646 HH 3.497
step 506000: moment 0.935 var 0.941 rank 4.169 HH 2.857
step 508000: moment 0.925 var 0.928 rank 3.618 HH 2.523
step 510000: moment 1.163 var 1.174 rank 5.090 HH 4.314
step 512000: moment 1.092 var 1.098 rank 4.079 HH 3.846
step 514000: moment 1.075 var 1.086 rank 6.807 HH 2.859
step 516000: moment 1.013 var 1.017 rank 3.864 HH 2.795
step 518000: moment 1.060 var 1.064 rank 4.243 HH 3.205
step 520000: moment 1.143 var 1.154 rank 5.027 HH 6.274
step 522000: moment 1.229 var 1.239 rank 6.717 HH 5.699
step 524000: moment 1.168 var 1.176 rank 6.350 HH 5.155
step 526000: moment 0.996 var 1.006 rank 4.870 HH 3.389
step 528000: moment 1.111 var 1.121 rank 4.529 HH 5.541
step 530000: moment 1.157 var 1.168 rank 5.519 HH 6.938
step 532000: moment 1.078 var 1.088 rank 5.368 HH 4.970
step 534000: moment 1.175 var 1.185 rank 7.516 HH 9.012
step 536000: moment 0.964 var 0.964 rank 3.514 HH 3.251
step 538000: moment 0.948 var 0.958 rank 5.048 HH 4.405
step 540000: moment 0.999 var 1.010 rank 5.028 HH 4.734
step 542000: moment 1.095 var 1.107 rank 7.525 HH 7.243
step 544000: moment 1.168 var 1.181 rank 9.178 HH 7.099
step 546000: moment 0.995 var 1.005 rank 5.395 HH 4.361
step 548000: moment 1.143 var 1.153 rank 6.498 HH 5.606
step 550000: moment 1.193 var 1.204 rank 7.615 HH 5.319
step 552000: moment 1.318 var 1.322 rank 6.636 HH 6.632
step 554000: moment 1.012 var 1.021 rank 5.004 HH 4.021
step 556000: moment 1.083 var 1.088 rank 4.700 HH 4.742
step 558000: moment 1.123 var 1.132 rank 5.815 HH 5.985
step 560000: moment 1.037 var 1.042 rank 4.106 HH 3.620
step 562000: moment 1.024 var 1.025 rank 4.476 HH 2.896
step 564000: moment 0.992 var 1.001 rank 4.762 HH 3.578
step 566000: moment 1.192 var 1.202 rank 4.292 HH 4.226
step 568000: moment 1.051 var 1.059 rank 4.685 HH 4.142
step 570000: moment 1.129 var 1.137 rank 6.854 HH 6.718
step 572000: moment 0.865 var 0.873 rank 5.343 HH 4.206
step 574000: moment 1.075 var 1.075 rank 6.250 HH 5.688
step 576000: moment 1.035 var 1.046 rank 7.309 HH 6.973
step 578000: moment 1.155 var 1.157 rank 4.202 HH 4.935
step 580000: moment 1.044 var 1.054 rank 6.065 HH 5.064
step 582000: moment 1.106 var 1.113 rank 5.424 HH 4.667
step 584000: moment 1.124 var 1.126 rank 5.569 HH 4.802
step 586000: moment 1.121 var 1.131 rank 7.031 HH 7.112
step 588000: moment 1.028 var 1.037 rank 4.983 HH 5.940
step 590000: moment 0.989 var 0.998 rank 5.133 HH 4.594
step 592000: moment 1.205 var 1.211 rank 7.554 HH 5.520
step 594000: moment 1.114 var 1.124 rank 6.078 HH 5.312
step 596000: moment 1.206 var 1.219 rank 7.628 HH 8.456
step 598000: moment 1.070 var 1.079 rank 5.761 HH 4.632
step 600000: moment 1.129 var 1.138 rank 8.410 HH 6.924
step 602000: moment 1.297 var 1.309 rank 7.483 HH 9.632
step 604000: moment 1.164 var 1.177 rank 6.015 HH 6.500
step 606000: moment 1.114 var 1.117 rank 4.721 HH 5.842
step 608000: moment 1.084 var 1.091 rank 6.318 HH 6.790
step 610000: moment 1.129 var 1.136 rank 6.887 HH 8.086
step 612000: moment 1.012 var 1.022 rank 6.544 HH 5.939
step 614000: moment 1.064 var 1.072 rank 6.887 HH 8.135
step 616000: moment 1.241 var 1.250 rank 9.959 HH 10.960
step 618000: moment 1.195 var 1.208 rank 7.036 HH 6.742
step 620000: moment 1.106 var 1.110 rank 5.844 HH 5.319
step 622000: moment 1.139 var 1.147 rank 7.189 HH 5.942
step 624000: moment 1.150 var 1.160 rank 6.491 HH 5.803
step 626000: moment 1.157 var 1.166 rank 6.323 HH 5.775
step 628000: moment 1.175 var 1.181 rank 9.463 HH 9.159
step 630000: moment 1.120 var 1.128 rank 6.289 HH 6.182
step 632000: moment 1.073 var 1.085 rank 7.736 HH 6.250
step 634000: moment 1.170 var 1.178 rank 7.119 HH 7.586
step 636000: moment 1.022 var 1.030 rank 4.740 HH 5.198
step 638000: moment 0.956 var 0.959 rank 4.453 HH 3.340
step 640000: moment 0.900 var 0.906 rank 5.795 HH 3.891
step 642000: moment 1.077 var 1.088 rank 9.450 HH 8.000
step 644000: moment 1.074 var 1.082 rank 8.496 HH 6.247
step 646000: moment 1.069 var 1.079 rank 7.297 HH 6.723
step 648000: moment 1.159 var 1.156 rank 5.881 HH 6.132
step 650000: moment 1.098 var 1.107 rank 4.662 HH 5.091
