completed NCT-d2-balanced-gmm-i0 (10/640 rows) in 8.44s
completed NCT-d2-balanced-gmm-i1 (20/640 rows) in 7.73s
completed NCT-d2-balanced-gmm-i2 (30/640 rows) in 7.32s
completed NCT-d2-balanced-gmm-i3 (40/640 rows) in 7.54s
completed NCT-d2-rare-gmm-i0 (50/640 rows) in 7.58s
completed NCT-d2-rare-gmm-i1 (60/640 rows) in 7.56s
completed NCT-d2-rare-gmm-i2 (70/640 rows) in 7.81s
completed NCT-d2-rare-gmm-i3 (80/640 rows) in 7.58s
completed NCT-d2-correlated-t-i0 (90/640 rows) in 7.47s
completed NCT-d2-correlated-t-i1 (100/640 rows) in 7.87s
completed NCT-d2-correlated-t-i2 (110/640 rows) in 7.69s
completed NCT-d2-correlated-t-i3 (120/640 rows) in 7.60s
completed NCT-d2-nonlinear-i0 (130/640 rows) in 7.85s
completed NCT-d2-nonlinear-i1 (140/640 rows) in 7.89s
completed NCT-d2-nonlinear-i2 (150/640 rows) in 7.98s
completed NCT-d2-nonlinear-i3 (160/640 rows) in 7.94s
completed NCT-d4-balanced-gmm-i0 (170/640 rows) in 8.11s
completed NCT-d4-balanced-gmm-i1 (180/640 rows) in 8.19s
completed NCT-d4-balanced-gmm-i2 (190/640 rows) in 8.21s
completed NCT-d4-balanced-gmm-i3 (200/640 rows) in 8.17s
completed NCT-d4-rare-gmm-i0 (210/640 rows) in 7.91s
completed NCT-d4-rare-gmm-i1 (220/640 rows) in 8.14s
completed NCT-d4-rare-gmm-i2 (230/640 rows) in 8.04s
completed NCT-d4-rare-gmm-i3 (240/640 rows) in 8.02s
completed NCT-d4-correlated-t-i0 (250/640 rows) in 8.37s
completed NCT-d4-correlated-t-i1 (260/640 rows) in 8.52s
completed NCT-d4-correlated-t-i2 (270/640 rows) in 8.19s
completed NCT-d4-correlated-t-i3 (280/640 rows) in 8.44s
completed NCT-d4-nonlinear-i0 (290/640 rows) in 8.73s
completed NCT-d4-nonlinear-i1 (300/640 rows) in 8.52s
completed NCT-d4-nonlinear-i2 (310/640 rows) in 8.79s
completed NCT-d4-nonlinear-i3 (320/640 rows) in 8.54s
completed NCT-d8-balanced-gmm-i0 (330/640 rows) in 10.37s
completed NCT-d8-balanced-gmm-i1 (340/640 rows) in 10.68s
completed NCT-d8-balanced-gmm-i2 (350/640 rows) in 10.16s
completed NCT-d8-balanced-gmm-i3 (360/640 rows) in 10.20s
completed NCT-d8-rare-gmm-i0 (370/640 rows) in 10.39s
completed NCT-d8-rare-gmm-i1 (380/640 rows) in 10.97s
completed NCT-d8-rare-gmm-i2 (390/640 rows) in 10.80s
completed NCT-d8-rare-gmm-i3 (400/640 rows) in 10.79s
completed NCT-d8-correlated-t-i0 (410/640 rows) in 10.54s
completed NCT-d8-correlated-t-i1 (420/640 rows) in 11.06s
completed NCT-d8-correlated-t-i2 (430/640 rows) in 10.78s
completed NCT-d8-correlated-t-i3 (440/640 rows) in 10.89s
completed NCT-d8-nonlinear-i0 (450/640 rows) in 10.52s
completed NCT-d8-nonlinear-i1 (460/640 rows) in 10.04s
completed NCT-d8-nonlinear-i2 (470/640 rows) in 10.25s
completed NCT-d8-nonlinear-i3 (480/640 rows) in 10.16s
completed NCT-d16-balanced-gmm-i0 (490/640 rows) in 14.07s
completed NCT-d16-balanced-gmm-i1 (500/640 rows) in 14.54s
completed NCT-d16-balanced-gmm-i2 (510/640 rows) in 14.60s
completed NCT-d16-balanced-gmm-i3 (520/640 rows) in 14.79s
completed NCT-d16-rare-gmm-i0 (530/640 rows) in 14.04s
completed NCT-d16-rare-gmm-i1 (540/640 rows) in 14.42s
completed NCT-d16-rare-gmm-i2 (550/640 rows) in 14.07s
completed NCT-d16-rare-gmm-i3 (560/640 rows) in 13.84s
completed NCT-d16-correlated-t-i0 (570/640 rows) in 13.98s
completed NCT-d16-correlated-t-i1 (580/640 rows) in 14.26s
completed NCT-d16-correlated-t-i2 (590/640 rows) in 14.40s
completed NCT-d16-correlated-t-i3 (600/640 rows) in 15.10s
completed NCT-d16-nonlinear-i0 (610/640 rows) in 14.49s
completed NCT-d16-nonlinear-i1 (620/640 rows) in 14.17s
completed NCT-d16-nonlinear-i2 (630/640 rows) in 15.03s
completed NCT-d16-nonlinear-i3 (640/640 rows) in 14.78s
{"exact_pass": true, "kll_pass": true}
artifact: C:\Users\Dronm\Documents\drifting_identifiability\numerics\neural_conditioned_confirmatory_runs\20260722-172943-confirmatory
